{
   "advanced": {
      "allValue": "$ALL",
      "current": {
         "foo": "bar"
      },
      "datasource": "newelastic",
      "hide": 2,
      "includeAll": true,
      "label": "node",
      "multi": true,
      "name": "newhost",
      "options": [ ],
      "query": "newtest-query",
      "refresh": 0,
      "regex": "",
      "sort": 0,
      "tagValuesQuery": "tvquery",
      "tags": [ ],
      "tagsQuery": "",
      "type": "query",
      "useTags": false
   },
   "basic": {
      "allValue": null,
      "current": { },
      "datasource": "elastic",
      "hide": 0,
      "includeAll": false,
      "label": null,
      "multi": false,
      "name": "host",
      "options": [ ],
      "query": "test-query",
      "refresh": 0,
      "regex": "",
      "sort": 0,
      "tagValuesQuery": "",
      "tags": [ ],
      "tagsQuery": "",
      "type": "query",
      "useTags": false
   }
}
