{
   "advanced": {
      "cacheTimeout": null,
      "colorBackground": false,
      "colorValue": false,
      "colors": [
         "#299c46",
         "rgba(237, 129, 40, 0.89)",
         "#d44a3a"
      ],
      "datasource": "prom1",
      "format": "s",
      "gauge": {
         "maxValue": 100,
         "minValue": 0,
         "show": false,
         "thresholdLabels": false,
         "thresholdMarkers": true
      },
      "id": 1,
      "interval": "10s",
      "links": [ ],
      "mappingType": 1,
      "mappingTypes": [
         {
            "name": "value to text",
            "value": 1
         },
         {
            "name": "range to text",
            "value": 2
         }
      ],
      "maxDataPoints": 100,
      "nullPointMode": "connected",
      "nullText": null,
      "postfix": "",
      "postfixFontSize": "50%",
      "prefix": "",
      "prefixFontSize": "50%",
      "rangeMaps": [
         {
            "from": "null",
            "text": "N/A",
            "to": "null"
         }
      ],
      "span": 1,
      "sparkline": {
         "fillColor": "rgba(31, 118, 189, 0.18)",
         "full": false,
         "lineColor": "rgb(31, 120, 193)",
         "show": false
      },
      "tableColumn": "",
      "targets": [ ],
      "thresholds": "",
      "title": "adv",
      "type": "singlestat",
      "valueFontSize": "50%",
      "valueMaps": [
         {
            "op": "=",
            "text": "N/A",
            "value": "null"
         }
      ],
      "valueName": "current"
   },
   "basic": {
      "cacheTimeout": null,
      "colorBackground": false,
      "colorValue": false,
      "colors": [
         "#299c46",
         "rgba(237, 129, 40, 0.89)",
         "#d44a3a"
      ],
      "datasource": null,
      "format": "none",
      "gauge": {
         "maxValue": 100,
         "minValue": 0,
         "show": false,
         "thresholdLabels": false,
         "thresholdMarkers": true
      },
      "interval": null,
      "links": [ ],
      "mappingType": 1,
      "mappingTypes": [
         {
            "name": "value to text",
            "value": 1
         },
         {
            "name": "range to text",
            "value": 2
         }
      ],
      "maxDataPoints": 100,
      "nullPointMode": "connected",
      "nullText": null,
      "postfix": "",
      "postfixFontSize": "50%",
      "prefix": "",
      "prefixFontSize": "50%",
      "rangeMaps": [
         {
            "from": "null",
            "text": "N/A",
            "to": "null"
         }
      ],
      "span": 12,
      "sparkline": {
         "fillColor": "rgba(31, 118, 189, 0.18)",
         "full": false,
         "lineColor": "rgb(31, 120, 193)",
         "show": false
      },
      "tableColumn": "",
      "targets": [ ],
      "thresholds": "",
      "title": "single",
      "type": "singlestat",
      "valueFontSize": "80%",
      "valueMaps": [
         {
            "op": "=",
            "text": "N/A",
            "value": "null"
         }
      ],
      "valueName": "avg"
   },
   "target": {
      "cacheTimeout": null,
      "colorBackground": false,
      "colorValue": false,
      "colors": [
         "#299c46",
         "rgba(237, 129, 40, 0.89)",
         "#d44a3a"
      ],
      "datasource": null,
      "format": "none",
      "gauge": {
         "maxValue": 100,
         "minValue": 0,
         "show": false,
         "thresholdLabels": false,
         "thresholdMarkers": true
      },
      "interval": null,
      "links": [ ],
      "mappingType": 1,
      "mappingTypes": [
         {
            "name": "value to text",
            "value": 1
         },
         {
            "name": "range to text",
            "value": 2
         }
      ],
      "maxDataPoints": 100,
      "nullPointMode": "connected",
      "nullText": null,
      "postfix": "",
      "postfixFontSize": "50%",
      "prefix": "",
      "prefixFontSize": "50%",
      "rangeMaps": [
         {
            "from": "null",
            "text": "N/A",
            "to": "null"
         }
      ],
      "span": 12,
      "sparkline": {
         "fillColor": "rgba(31, 118, 189, 0.18)",
         "full": false,
         "lineColor": "rgb(31, 120, 193)",
         "show": false
      },
      "tableColumn": "",
      "targets": [
         "target1",
         "target2",
         "target3"
      ],
      "thresholds": "",
      "title": "targets",
      "type": "singlestat",
      "valueFontSize": "80%",
      "valueMaps": [
         {
            "op": "=",
            "text": "N/A",
            "value": "null"
         }
      ],
      "valueName": "avg"
   }
}
